[2025-10-16 18:28:46] ERROR: Failed login attempt for: q@vims.com
[2025-10-17 14:58:59] ERROR: Database fetchOne error: SQLSTATE[42S22]: Column not found: 1054 Unknown column 'c.name' in 'field list' | SQL: SELECT a.*, c.name as client_name, c.phone as client_phone 
                FROM animals a 
                JOIN clients c ON a.client_id = c.client_id 
                WHERE a.animal_id = :animal_id
[2025-10-18 12:30:58] ERROR: Database fetchOne error: SQLSTATE[42S22]: Column not found: 1054 Unknown column 'c.name' in 'field list' | SQL: SELECT a.*, c.name as client_name, c.phone as client_phone 
                FROM animals a 
                JOIN clients c ON a.client_id = c.client_id 
                WHERE a.animal_id = :animal_id
[2025-10-18 12:56:14] ERROR: Database fetchOne error: SQLSTATE[42S22]: Column not found: 1054 Unknown column 'c.name' in 'field list' | SQL: SELECT a.*, c.name as client_name, c.phone as client_phone 
                FROM animals a 
                JOIN clients c ON a.client_id = c.client_id 
                WHERE a.animal_id = :animal_id
[2025-10-24 09:54:11] ERROR: Database fetchOne error: SQLSTATE[42S22]: Column not found: 1054 Unknown column 'c.name' in 'field list' | SQL: SELECT a.*, c.name as client_name, c.phone as client_phone 
                FROM animals a 
                JOIN clients c ON a.client_id = c.client_id 
                WHERE a.animal_id = :animal_id
[2025-10-24 10:54:10] ERROR: Database fetchAll error: SQLSTATE[42S22]: Column not found: 1054 Unknown column 'u.name' in 'field list' | SQL: SELECT v.*, u.name as veterinary_name
                FROM vaccines v
                JOIN users u ON v.administered_by = u.user_id
                WHERE v.animal_id = :animal_id
                ORDER BY v.vaccine_date DESC
[2025-10-27 10:56:41] ERROR: Database fetchOne error: SQLSTATE[HY093]: Invalid parameter number | SQL: SELECT COUNT(*) as conflict_count 
                FROM appointments 
                WHERE veterinary_id = :veterinary_id 
                AND appointment_date = :appointment_date 
                AND status IN ('scheduled', 'confirmed')
                AND (
                    (appointment_time <= :time AND DATE_ADD(appointment_time, INTERVAL duration MINUTE) > :time)
                    OR (appointment_time < DATE_ADD(:time, INTERVAL :duration MINUTE) AND DATE_ADD(appointment_time, INTERVAL duration MINUTE) >= DATE_ADD(:time, INTERVAL :duration MINUTE))
                    OR (appointment_time >= :time AND DATE_ADD(appointment_time, INTERVAL duration MINUTE) <= DATE_ADD(:time, INTERVAL :duration MINUTE))
                )
[2025-10-27 22:08:46] ERROR: Database fetchOne error: SQLSTATE[HY093]: Invalid parameter number | SQL: SELECT COUNT(*) as conflict_count 
                FROM appointments 
                WHERE veterinary_id = :veterinary_id 
                AND appointment_date = :appointment_date 
                AND status IN ('scheduled', 'confirmed')
                AND (
                    (appointment_time <= :time AND DATE_ADD(appointment_time, INTERVAL duration MINUTE) > :time)
                    OR (appointment_time < DATE_ADD(:time, INTERVAL :duration MINUTE) AND DATE_ADD(appointment_time, INTERVAL duration MINUTE) >= DATE_ADD(:time, INTERVAL :duration MINUTE))
                    OR (appointment_time >= :time AND DATE_ADD(appointment_time, INTERVAL duration MINUTE) <= DATE_ADD(:time, INTERVAL :duration MINUTE))
                )
[2025-10-27 22:09:20] ERROR: Database fetchOne error: SQLSTATE[HY093]: Invalid parameter number | SQL: SELECT COUNT(*) as conflict_count 
                FROM appointments 
                WHERE veterinary_id = :veterinary_id 
                AND appointment_date = :appointment_date 
                AND status IN ('scheduled', 'confirmed')
                AND (
                    (appointment_time <= :time AND DATE_ADD(appointment_time, INTERVAL duration MINUTE) > :time)
                    OR (appointment_time < DATE_ADD(:time, INTERVAL :duration MINUTE) AND DATE_ADD(appointment_time, INTERVAL duration MINUTE) >= DATE_ADD(:time, INTERVAL :duration MINUTE))
                    OR (appointment_time >= :time AND DATE_ADD(appointment_time, INTERVAL duration MINUTE) <= DATE_ADD(:time, INTERVAL :duration MINUTE))
                )
